THESPEON_1.0 {
  global:
    thespeon_get_abi_version;
    thespeon_cancel_token_create;
    thespeon_cancel_token_cancel;
    thespeon_cancel_token_is_cancelled;
    thespeon_cancel_token_destroy;
    thespeon_import_pack;
    thespeon_list_models;
    thespeon_validate_input;
    thespeon_delete_preview;
    thespeon_delete_model;
    thespeon_delete_all_models;
    thespeon_input_create;
    thespeon_input_from_json;
    thespeon_input_destroy;
    thespeon_input_to_json;
    thespeon_input_set_character_module;
    thespeon_input_set_character;
    thespeon_input_set_default_emotion;
    thespeon_input_set_default_language;
    thespeon_input_add_segment;
    thespeon_input_segment_set_custom_pronounced;
    thespeon_input_segment_set_language;
    thespeon_input_segment_set_emotion;
    thespeon_input_segment_add_emotion;
    thespeon_input_segment_set_speed;
    thespeon_input_segment_set_loudness;
    thespeon_synthesize_wav;
    thespeon_synthesize_stream;
    thespeon_synthesize_stream_ex;
    thespeon_set_inference_options;
    thespeon_engine_create;
    thespeon_engine_destroy;
    thespeon_engine_preload;
    thespeon_engine_preload_input;
    thespeon_engine_unload;
    thespeon_engine_unload_input;
    thespeon_engine_is_loaded;
    thespeon_engine_is_input_loaded;
    thespeon_engine_list_loaded;
    thespeon_engine_refresh;
    thespeon_engine_resident_bytes;
    thespeon_engine_list_models;
    thespeon_engine_validate_input;
    thespeon_engine_delete_model;
    thespeon_engine_delete_all_models;
    thespeon_engine_synthesize_wav;
    thespeon_engine_synthesize_stream;
    thespeon_engine_synthesize_stream_ex;
    thespeon_get_last_error;
    thespeon_string_free;
    thespeon_catalog_free;
    thespeon_module_list_free;
  local:
    *;
};
